[wadhwagroupprojects.in/atmosphere/index.html]
[backblue.gif]
[fade.gif]
[index.html]
[wadhwagroupprojects.in/atmosphere/css/bootstrap.min.css]
[cdnjs.cloudflare.com/ajax/libs/jquery/3.2.1/jquery.min.js]
[wadhwagroupprojects.in/atmosphere/css/style.css]
[wadhwagroupprojects.in/atmosphere/lightbox/light-box.css]
[wadhwagroupprojects.in/atmosphere/css/modal-video.min.css]
[wadhwagroupprojects.in/atmosphere/css/form.css]
[wadhwagroupprojects.in/atmosphere/images/logo.png]
[wadhwagroupprojects.in/atmosphere/images/Banner2.jpg]
[wadhwagroupprojects.in/atmosphere/images/m2-banner.jpg]
[wadhwagroupprojects.in/atmosphere/images/Banner1.jpg]
[wadhwagroupprojects.in/atmosphere/images/m1-banner.jpg]
[wadhwagroupprojects.in/atmosphere/images/left.png]
[wadhwagroupprojects.in/atmosphere/images/right.png]
[wadhwagroupprojects.in/atmosphere/images/overview2.jpg]
[wadhwagroupprojects.in/atmosphere/images/overview3.jpg]
[wadhwagroupprojects.in/atmosphere/images/aminities/theater.png]
[wadhwagroupprojects.in/atmosphere/images/aminities/pool.png]
[wadhwagroupprojects.in/atmosphere/images/aminities/ami.png]
[wadhwagroupprojects.in/atmosphere/images/aminities/squash.png]
[wadhwagroupprojects.in/atmosphere/images/aminities/skate.png]
[wadhwagroupprojects.in/atmosphere/images/aminities/creche.png]
[wadhwagroupprojects.in/atmosphere/images/aminities/kids-pay.png]
[wadhwagroupprojects.in/atmosphere/images/gallery/general/1.jpg]
[wadhwagroupprojects.in/atmosphere/images/gallery/general/2.jpg]
[wadhwagroupprojects.in/atmosphere/images/gallery/general/3.jpg]
[wadhwagroupprojects.in/atmosphere/images/gallery/general/4.jpg]
[wadhwagroupprojects.in/atmosphere/images/gallery/general/5.jpg]
[wadhwagroupprojects.in/atmosphere/images/gallery/interior/1.jpg]
[wadhwagroupprojects.in/atmosphere/images/gallery/interior/2.jpg]
[wadhwagroupprojects.in/atmosphere/images/gallery/interior/3.jpg]
[wadhwagroupprojects.in/atmosphere/images/gallery/interior/4.jpg]
[wadhwagroupprojects.in/atmosphere/images/gallery/interior/5.jpg]
[wadhwagroupprojects.in/atmosphere/images/gallery/floorplan/1.jpg]
[wadhwagroupprojects.in/atmosphere/images/gallery/floorplan/2.jpg]
[wadhwagroupprojects.in/atmosphere/images/gallery/floorplan/3.jpg]
[wadhwagroupprojects.in/atmosphere/images/gallery/floorplan/4.jpg]
[wadhwagroupprojects.in/atmosphere/images/gallery/floorplan/5.jpg]
[wadhwagroupprojects.in/atmosphere/images/gallery/floorplan/6.jpg]
[wadhwagroupprojects.in/atmosphere/images/gallery/location/loc.jpg]
[wadhwagroupprojects.in/atmosphere/images/gallery/location/master.jpg]
[wadhwagroupprojects.in/atmosphere/images/Location_Education.png]
[wadhwagroupprojects.in/atmosphere/images/Location_connectivity.png]
[wadhwagroupprojects.in/atmosphere/images/shopping.png]
[wadhwagroupprojects.in/atmosphere/images/hospital.png]
[wadhwagroupprojects.in/atmosphere/images/logo-the-wadhwa-group.png]
[wadhwagroupprojects.in/atmosphere/images/partner.png]
[wadhwagroupprojects.in/atmosphere/images/loader1.gif]
[use.fontawesome.com/9513ddc8db.js]
[wadhwagroupprojects.in/atmosphere/js/jquery.bxslider.min.js]
[wadhwagroupprojects.in/atmosphere/js/customOnePageScroll.js]
[wadhwagroupprojects.in/atmosphere/js/app.js]
[wadhwagroupprojects.in/atmosphere/js/bootstrap.min.js]
[wadhwagroupprojects.in/atmosphere/js/mobilevalidate.js]
[wadhwagroupprojects.in/atmosphere/lightbox/light-box.js]
[wadhwagroupprojects.in/atmosphere/js/jquery.validate.js]
[wadhwagroupprojects.in/atmosphere/js/cookie.js]
[cdnjs.cloudflare.com/ajax/libs/jquery-validate/1.10.0/jquery.validate.min.js]
[wadhwagroupprojects.in/atmosphere/js/jquery-modal-video.min.js]
[wadhwagroupprojects.in/atmosphere/index.html]
[www.googletagmanager.com/gtm5445.html]
[wadhwagroupprojects.in/index.html]
[atmosphere.realatte.com/mtcwtl.js]
[wadhwagroupprojects.in/atmosphere/css/bootstrap.min.css]
[wadhwagroupprojects.in/atmosphere/intl-tel-input/css/intlTelInput.css]
[wadhwagroupprojects.in/atmosphere/fonts/Gotham-Mediumd41d.eot]
[wadhwagroupprojects.in/atmosphere/fonts/Gotham-Medium.woff]
[wadhwagroupprojects.in/atmosphere/fonts/Gotham-Bold.woff]
[wadhwagroupprojects.in/atmosphere/fonts/Gotham-Light.eot]
[wadhwagroupprojects.in/atmosphere/fonts/Gotham-Light.woff]
[wadhwagroupprojects.in/atmosphere/fonts/Gotham-Lightd41d.eot]
[wadhwagroupprojects.in/atmosphere/fonts/Gotham-Book.eot]
[wadhwagroupprojects.in/atmosphere/fonts/Gotham-Bookd41d.eot]
[wadhwagroupprojects.in/atmosphere/images/amenities.jpg]
[wadhwagroupprojects.in/atmosphere/css/style.css]
[wadhwagroupprojects.in/atmosphere/lightbox/light-box.css]
[wadhwagroupprojects.in/atmosphere/css/modal-video.min.css]
[wadhwagroupprojects.in/atmosphere/css/form.css]
[wadhwagroupprojects.in/atmosphere/css/hover.css]
[wadhwagroupprojects.in/atmosphere/terms-and-conditions.php]
[wadhwagroupprojects.in/atmosphere/images/overview.jpg]
[wadhwagroupprojects.in/atmosphere/images/aminities/gamepad.png]
[wadhwagroupprojects.in/atmosphere/images/aminities/park.png]
[wadhwagroupprojects.in/atmosphere/images/aminities/hall.png]
[wadhwagroupprojects.in/atmosphere/images/aminities/road.png]
[wadhwagroupprojects.in/index.html]
[wadhwagroupprojects.in/atmosphere/fonts/glyphicons-halflings-regular.html]
[wadhwagroupprojects.in/atmosphere/fonts/glyphicons-halflings-regulard41d.html]
[wadhwagroupprojects.in/atmosphere/fonts/glyphicons-halflings-regular-2.html]
[wadhwagroupprojects.in/atmosphere/fonts/glyphicons-halflings-regular-3.html]
[wadhwagroupprojects.in/atmosphere/fonts/glyphicons-halflings-regular-4.html]
[wadhwagroupprojects.in/atmosphere/fonts/glyphicons-halflings-regular-5.html]
[wadhwagroupprojects.in/atmosphere/intl-tel-input/img/flags.png]
[wadhwagroupprojects.in/atmosphere/intl-tel-input/img/flags@2x.png]
[wadhwagroupprojects.in/atmosphere/intl-tel-input/css/intlTelInput.css]
[wadhwagroupprojects.in/atmosphere/fonts/Gotham-Medium.html]
[wadhwagroupprojects.in/atmosphere/fonts/Gotham-Boldd41d.eot]
[wadhwagroupprojects.in/atmosphere/fonts/Gotham-Bold.html]
[wadhwagroupprojects.in/atmosphere/fonts/Gotham-Book.svg]
[wadhwagroupprojects.in/atmosphere/css/hover.css]
[wadhwagroupprojects.in/atmosphere/images/panoroma.jpg]
[wadhwagroupprojects.in/atmosphere/images/contact-bg.jpg]
[wadhwagroupprojects.in/atmosphere/terms-and-conditions.php]
[wadhwagroupprojects.in/atmosphere/images/aminities/parking.png]
[wadhwagroupprojects.in/atmosphere/js/number.js]
[wadhwagroupprojects.in/atmosphere/fonts/Gotham-Medium.svg]
[wadhwagroupprojects.in/atmosphere/fonts/Gotham-Bold.svg]
[wadhwagroupprojects.in/atmosphere/fonts/Gotham-Light.woff2]
[wadhwagroupprojects.in/atmosphere/fonts/Gotham-Light.svg]
[wadhwagroupprojects.in/atmosphere/intl-tel-input/js/intlTelInput.js]
[wadhwagroupprojects.in/atmosphere/images/SpecificationsBG.jpg]
[wadhwagroupprojects.in/atmosphere/fonts/Gotham-Bold.eot]
[wadhwagroupprojects.in/atmosphere/fonts/Gotham-Book.woff2]
[wadhwagroupprojects.in/atmosphere/fonts/Gotham-Book.woff]
[wadhwagroupprojects.in/atmosphere/index.php]
[wadhwagroupprojects.in/atmosphere/index.php]
